//
//  Copyright Â© 2018 Gnosis Ltd. All rights reserved.
//

import Foundation

public func hello() -> String {
    return "Hello!"
}
